// Jest Snapshot v1, https://goo.gl/fbAQLP

exports[`Testing <CounterApp> Should show <CounterApp /> correctly 1`] = `
<Fragment>
  <h1>
     Counter App
  </h1>
  <h2>
    105
  </h2>
  <button
    onClick={[Function]}
  >
    +1
  </button>
  <button
    onClick={[Function]}
  >
    -1
  </button>
  <button
    onClick={[Function]}
  >
    reset
  </button>
</Fragment>
`;
